
clubbed
repurifying
empowering
empowering
taco
besoothe
mortisers
extricate
extricate
extricate
extricate
ramtils
karmas
aconite
aconite
triptyca
swathers